// Jest Snapshot v1, https://goo.gl/fbAQLP

exports[`should render a Footer component 1`] = `"<footer class=\\"p-5\\">Â© 2021 - Marcelo Fernandes de Araujo</footer>"`;
