// Jest Snapshot v1, https://goo.gl/fbAQLP

exports[`should render a Spinner component 1`] = `"<div class=\\"spinner-border m-auto\\" role=\\"status\\"><span class=\\"sr-only\\"></span></div>"`;
